// Jest Snapshot v1, https://goo.gl/fbAQLP

exports[`should render Header correctly 1`] = `
<header
  className="header"
>
  <div
    className="content-container"
  >
    <div
      className="header__content"
    >
      <Link
        className="header__title"
        replace={false}
        to="/"
      >
        <h1>
          Expensify
        </h1>
      </Link>
      <Link
        className="button"
        replace={false}
        to="/create"
      >
        Add Expense
      </Link>
    </div>
  </div>
</header>
`;
